com.bst.pmgr.configuration.test.VersionTest.shouldReturnCorrectVersion=[
  "Dummy version"
]